==========================================
SLURM_JOB_ID = 2615184
SLURM_NODELIST = gnode055
SLURM_JOB_GPUS = 0,1,2,3
==========================================
>>> Setting up scratch workspace...
>>> Copying dataset and script to scratch...
>>> Unzipping dataset...
>>> Starting BanglaLekha training on 4 GPUs with DDP...
Device: cuda:0  |  GPUs: 4  |  Effective batch: 512 * 4

════════════════════════════════════════════════════════════
  PHASE 1 — MODEL DEPTH  [CACHED from previous run]
  Results: 3L=93.12% | 4L=94.37% | 5L=94.90%
  → Best: 5 layers  (94.90%)
════════════════════════════════════════════════════════════

════════════════════════════════════════════════════════════
  PHASE 2 — AUGMENTATION
════════════════════════════════════════════════════════════

────────────────────────────────────────────────────────────────────────
Layers=5 | Aug=True | Opt=AdamW | LR=0.001 | WD=0.0001 | Drop=0.4 | Size=128
────────────────────────────────────────────────────────────────────────
  Ep  1/40 | Train=3.0711 | Val=2.0023 | Acc=73.25% | LR=1.00e-04 | 30.5s
  Ep  2/40 | Train=1.6146 | Val=1.3192 | Acc=88.27% | LR=2.13e-04 | 18.5s
  Ep  3/40 | Train=1.2683 | Val=1.1453 | Acc=91.37% | LR=3.25e-04 | 18.7s
  Ep  4/40 | Train=1.1817 | Val=1.1526 | Acc=91.45% | LR=4.38e-04 | 18.6s
  Ep  5/40 | Train=1.1285 | Val=1.1627 | Acc=90.05% | LR=5.50e-04 | 18.7s
  Ep  6/40 | Train=1.1001 | Val=1.0570 | Acc=92.22% | LR=6.63e-04 | 18.7s
  Ep  7/40 | Train=1.0738 | Val=1.0356 | Acc=93.18% | LR=7.75e-04 | 18.6s
  Ep  8/40 | Train=1.0565 | Val=1.0197 | Acc=93.26% | LR=8.88e-04 | 18.7s
  Ep  9/40 | Train=1.0398 | Val=1.0143 | Acc=93.08% | LR=1.00e-03 | 18.7s
  Ep 10/40 | Train=1.0210 | Val=0.9956 | Acc=93.59% | LR=9.98e-04 | 18.8s
  Ep 11/40 | Train=1.0007 | Val=0.9933 | Acc=93.50% | LR=9.90e-04 | 18.7s
  Ep 12/40 | Train=0.9869 | Val=0.9907 | Acc=93.56% | LR=9.78e-04 | 18.8s
  Ep 13/40 | Train=0.9711 | Val=1.0217 | Acc=93.01% | LR=9.62e-04 | 18.8s
  Ep 14/40 | Train=0.9617 | Val=1.0618 | Acc=91.83% | LR=9.41e-04 | 18.6s
  Ep 15/40 | Train=0.9489 | Val=0.9753 | Acc=94.00% | LR=9.16e-04 | 18.8s
  Ep 16/40 | Train=0.9383 | Val=3.2946 | Acc=29.56% | LR=8.87e-04 | 18.8s
  Ep 17/40 | Train=0.9299 | Val=0.9577 | Acc=94.37% | LR=8.54e-04 | 18.7s
  Ep 18/40 | Train=0.9202 | Val=0.9620 | Acc=94.28% | LR=8.17e-04 | 18.7s
  Ep 19/40 | Train=0.9129 | Val=0.9883 | Acc=93.40% | LR=7.78e-04 | 18.8s
  Ep 20/40 | Train=0.9030 | Val=0.9542 | Acc=94.57% | LR=7.36e-04 | 18.7s
  Ep 21/40 | Train=0.8961 | Val=0.9780 | Acc=93.81% | LR=6.91e-04 | 18.8s
  Ep 22/40 | Train=0.8885 | Val=0.9518 | Acc=94.58% | LR=6.45e-04 | 18.7s
  Ep 23/40 | Train=0.8812 | Val=0.9578 | Acc=94.39% | LR=5.98e-04 | 18.8s
  Ep 24/40 | Train=0.8746 | Val=0.9547 | Acc=94.38% | LR=5.49e-04 | 18.7s
  Ep 25/40 | Train=0.8678 | Val=0.9549 | Acc=94.57% | LR=5.00e-04 | 18.8s
  Ep 26/40 | Train=0.8626 | Val=0.9508 | Acc=94.63% | LR=4.51e-04 | 18.8s
  Ep 27/40 | Train=0.8571 | Val=0.9508 | Acc=94.59% | LR=4.03e-04 | 18.7s
  Ep 28/40 | Train=0.8529 | Val=0.9491 | Acc=94.72% | LR=3.55e-04 | 18.8s
  Ep 29/40 | Train=0.8474 | Val=0.9526 | Acc=94.59% | LR=3.09e-04 | 18.8s
  Ep 30/40 | Train=0.8435 | Val=2.4048 | Acc=52.53% | LR=2.64e-04 | 18.8s
  Ep 31/40 | Train=0.8391 | Val=1.1232 | Acc=90.04% | LR=2.22e-04 | 18.8s
  Ep 32/40 | Train=0.8365 | Val=0.9453 | Acc=94.76% | LR=1.83e-04 | 18.8s
  Ep 33/40 | Train=0.8329 | Val=0.9464 | Acc=94.63% | LR=1.47e-04 | 18.8s
  Ep 34/40 | Train=0.8300 | Val=0.9454 | Acc=94.80% | LR=1.14e-04 | 18.8s
  Ep 35/40 | Train=0.8280 | Val=0.9461 | Acc=94.78% | LR=8.44e-05 | 18.8s
  Ep 36/40 | Train=0.8264 | Val=0.9452 | Acc=94.84% | LR=5.91e-05 | 18.8s
  Ep 37/40 | Train=0.8251 | Val=0.9432 | Acc=94.84% | LR=3.82e-05 | 18.8s
  Ep 38/40 | Train=0.8234 | Val=0.9444 | Acc=94.80% | LR=2.16e-05 | 18.7s
  Ep 39/40 | Train=0.8234 | Val=0.9445 | Acc=94.83% | LR=9.71e-06 | 18.8s
  Ep 40/40 | Train=0.8224 | Val=0.9438 | Acc=94.80% | LR=2.51e-06 | 18.8s
  ✅ Best Val Acc: 94.84%

────────────────────────────────────────────────────────────────────────
Layers=5 | Aug=False | Opt=AdamW | LR=0.001 | WD=0.0001 | Drop=0.4 | Size=128
────────────────────────────────────────────────────────────────────────
  Ep  1/40 | Train=2.8305 | Val=2.0224 | Acc=74.26% | LR=1.00e-04 | 18.9s
  Ep  2/40 | Train=1.3851 | Val=1.2443 | Acc=89.55% | LR=2.13e-04 | 18.5s
  Ep  3/40 | Train=1.1316 | Val=1.1264 | Acc=91.15% | LR=3.25e-04 | 18.6s
  Ep  4/40 | Train=1.0630 | Val=1.0843 | Acc=92.02% | LR=4.38e-04 | 18.7s
  Ep  5/40 | Train=1.0202 | Val=1.0561 | Acc=92.60% | LR=5.50e-04 | 18.6s
  Ep  6/40 | Train=0.9903 | Val=1.1032 | Acc=90.98% | LR=6.63e-04 | 18.6s
  Ep  7/40 | Train=0.9661 | Val=1.0296 | Acc=92.82% | LR=7.75e-04 | 18.5s
  Ep  8/40 | Train=0.9448 | Val=1.0335 | Acc=92.97% | LR=8.88e-04 | 18.6s
  Ep  9/40 | Train=0.9275 | Val=1.1040 | Acc=91.91% | LR=1.00e-03 | 18.6s
  Ep 10/40 | Train=0.9013 | Val=1.0112 | Acc=93.22% | LR=9.98e-04 | 18.5s
  Ep 11/40 | Train=0.8793 | Val=1.0284 | Acc=92.61% | LR=9.90e-04 | 18.7s
  Ep 12/40 | Train=0.8626 | Val=1.0073 | Acc=93.25% | LR=9.78e-04 | 18.5s
  Ep 13/40 | Train=0.8476 | Val=0.9907 | Acc=93.87% | LR=9.62e-04 | 18.6s
  Ep 14/40 | Train=0.8359 | Val=0.9991 | Acc=93.42% | LR=9.41e-04 | 18.6s
  Ep 15/40 | Train=0.8270 | Val=0.9946 | Acc=93.60% | LR=9.16e-04 | 18.6s
  Ep 16/40 | Train=0.8194 | Val=0.9947 | Acc=93.77% | LR=8.87e-04 | 18.5s
  Ep 17/40 | Train=0.8123 | Val=0.9884 | Acc=93.92% | LR=8.54e-04 | 18.6s
  Ep 18/40 | Train=0.8074 | Val=0.9877 | Acc=93.90% | LR=8.17e-04 | 18.5s
  Ep 19/40 | Train=0.8031 | Val=0.9799 | Acc=94.16% | LR=7.78e-04 | 18.6s
  Ep 20/40 | Train=0.7995 | Val=0.9885 | Acc=94.00% | LR=7.36e-04 | 18.7s
  Ep 21/40 | Train=0.7966 | Val=0.9853 | Acc=94.15% | LR=6.91e-04 | 18.5s
  Ep 22/40 | Train=0.7942 | Val=0.9756 | Acc=94.30% | LR=6.45e-04 | 18.5s
  Ep 23/40 | Train=0.7924 | Val=0.9771 | Acc=94.34% | LR=5.98e-04 | 18.6s
  Ep 24/40 | Train=0.7903 | Val=0.9770 | Acc=94.35% | LR=5.49e-04 | 18.5s
  Ep 25/40 | Train=0.7886 | Val=0.9792 | Acc=94.30% | LR=5.00e-04 | 18.4s
  Ep 26/40 | Train=0.7874 | Val=0.9794 | Acc=94.33% | LR=4.51e-04 | 18.4s
  Ep 27/40 | Train=0.7865 | Val=0.9819 | Acc=94.31% | LR=4.03e-04 | 18.6s
  Ep 28/40 | Train=0.7853 | Val=0.9803 | Acc=94.52% | LR=3.55e-04 | 18.5s
  Ep 29/40 | Train=0.7846 | Val=0.9821 | Acc=94.49% | LR=3.09e-04 | 18.7s
  Ep 30/40 | Train=0.7838 | Val=0.9790 | Acc=94.45% | LR=2.64e-04 | 18.5s
  ⏹ Early stop at epoch 30
  ✅ Best Val Acc: 94.30%
  📊 Saved → ablation_Phase_2_—_Augmentation.png
  → Best: aug=True  (94.84%)

════════════════════════════════════════════════════════════
  PHASE 3 — OPTIMIZER
════════════════════════════════════════════════════════════
  ⏭  Cached L5_aTrue_oAdamW_lr0.001_wd0.0001_d0.4_s128  →  94.84%

────────────────────────────────────────────────────────────────────────
Layers=5 | Aug=True | Opt=Adam | LR=0.001 | WD=0.0001 | Drop=0.4 | Size=128
────────────────────────────────────────────────────────────────────────
  Ep  1/40 | Train=3.0604 | Val=2.1199 | Acc=69.37% | LR=1.00e-04 | 19.5s
  Ep  2/40 | Train=1.6009 | Val=1.2525 | Acc=89.08% | LR=2.13e-04 | 18.7s
  Ep  3/40 | Train=1.2632 | Val=1.1529 | Acc=91.14% | LR=3.25e-04 | 18.7s
  Ep  4/40 | Train=1.1775 | Val=1.1306 | Acc=90.88% | LR=4.38e-04 | 18.8s
  Ep  5/40 | Train=1.1310 | Val=1.0627 | Acc=92.46% | LR=5.50e-04 | 18.7s
  Ep  6/40 | Train=1.0986 | Val=1.0392 | Acc=92.75% | LR=6.63e-04 | 18.8s
  Ep  7/40 | Train=1.0740 | Val=1.0754 | Acc=91.71% | LR=7.75e-04 | 18.8s
  Ep  8/40 | Train=1.0572 | Val=1.0428 | Acc=92.41% | LR=8.88e-04 | 18.7s
  Ep  9/40 | Train=1.0423 | Val=1.0373 | Acc=92.56% | LR=1.00e-03 | 18.9s
  Ep 10/40 | Train=1.0247 | Val=1.0429 | Acc=92.29% | LR=9.98e-04 | 18.8s
  Ep 11/40 | Train=1.0044 | Val=1.0076 | Acc=93.28% | LR=9.90e-04 | 18.8s
  Ep 12/40 | Train=0.9926 | Val=0.9925 | Acc=93.59% | LR=9.78e-04 | 18.7s
  Ep 13/40 | Train=0.9826 | Val=0.9871 | Acc=93.84% | LR=9.62e-04 | 18.7s
  Ep 14/40 | Train=0.9689 | Val=0.9765 | Acc=93.91% | LR=9.41e-04 | 18.7s
  Ep 15/40 | Train=0.9600 | Val=1.0334 | Acc=92.60% | LR=9.16e-04 | 18.8s
  Ep 16/40 | Train=0.9538 | Val=0.9672 | Acc=94.15% | LR=8.87e-04 | 18.8s
  Ep 17/40 | Train=0.9435 | Val=0.9759 | Acc=94.01% | LR=8.54e-04 | 18.7s
  Ep 18/40 | Train=0.9352 | Val=1.9493 | Acc=65.02% | LR=8.17e-04 | 18.9s
  Ep 19/40 | Train=0.9271 | Val=0.9726 | Acc=94.24% | LR=7.78e-04 | 18.7s
  Ep 20/40 | Train=0.9197 | Val=0.9748 | Acc=93.86% | LR=7.36e-04 | 18.7s
  Ep 21/40 | Train=0.9115 | Val=0.9972 | Acc=93.37% | LR=6.91e-04 | 18.8s
  Ep 22/40 | Train=0.9042 | Val=0.9680 | Acc=93.98% | LR=6.45e-04 | 18.7s
  Ep 23/40 | Train=0.8978 | Val=0.9665 | Acc=94.12% | LR=5.98e-04 | 18.7s
  Ep 24/40 | Train=0.8890 | Val=1.9438 | Acc=66.45% | LR=5.49e-04 | 18.7s
  Ep 25/40 | Train=0.8827 | Val=0.9596 | Acc=94.22% | LR=5.00e-04 | 18.8s
  Ep 26/40 | Train=0.8735 | Val=0.9595 | Acc=94.18% | LR=4.51e-04 | 19.0s
  Ep 27/40 | Train=0.8668 | Val=0.9592 | Acc=94.51% | LR=4.03e-04 | 18.8s
  Ep 28/40 | Train=0.8600 | Val=0.9478 | Acc=94.50% | LR=3.55e-04 | 18.8s
  Ep 29/40 | Train=0.8541 | Val=2.2254 | Acc=58.38% | LR=3.09e-04 | 18.8s
  Ep 30/40 | Train=0.8470 | Val=0.9488 | Acc=94.38% | LR=2.64e-04 | 18.7s
  Ep 31/40 | Train=0.8414 | Val=0.9471 | Acc=94.62% | LR=2.22e-04 | 18.7s
  Ep 32/40 | Train=0.8360 | Val=0.9423 | Acc=94.63% | LR=1.83e-04 | 18.8s
  Ep 33/40 | Train=0.8296 | Val=0.9456 | Acc=94.66% | LR=1.47e-04 | 18.6s
  Ep 34/40 | Train=0.8258 | Val=1.0759 | Acc=91.24% | LR=1.14e-04 | 18.7s
  Ep 35/40 | Train=0.8227 | Val=0.9488 | Acc=94.56% | LR=8.44e-05 | 18.9s
  Ep 36/40 | Train=0.8188 | Val=0.9457 | Acc=94.60% | LR=5.91e-05 | 18.6s
  Ep 37/40 | Train=0.8173 | Val=0.9448 | Acc=94.68% | LR=3.82e-05 | 18.6s
  Ep 38/40 | Train=0.8146 | Val=0.9450 | Acc=94.69% | LR=2.16e-05 | 18.8s
  Ep 39/40 | Train=0.8142 | Val=0.9451 | Acc=94.71% | LR=9.71e-06 | 18.7s
  Ep 40/40 | Train=0.8131 | Val=0.9446 | Acc=94.72% | LR=2.51e-06 | 18.8s
  ⏹ Early stop at epoch 40
  ✅ Best Val Acc: 94.63%

────────────────────────────────────────────────────────────────────────
Layers=5 | Aug=True | Opt=SGD | LR=0.001 | WD=0.0001 | Drop=0.4 | Size=128
────────────────────────────────────────────────────────────────────────
  Ep  1/40 | Train=4.4695 | Val=4.3201 | Acc= 5.01% | LR=8.00e-04 | 19.1s
  Ep  2/40 | Train=4.2347 | Val=3.9853 | Acc=18.53% | LR=1.70e-03 | 18.7s
  Ep  3/40 | Train=3.8928 | Val=3.5490 | Acc=34.67% | LR=2.60e-03 | 18.7s
  Ep  4/40 | Train=3.4551 | Val=2.9956 | Acc=51.44% | LR=3.50e-03 | 18.6s
  Ep  5/40 | Train=2.9373 | Val=2.4011 | Acc=65.45% | LR=4.40e-03 | 18.7s
  Ep  6/40 | Train=2.4193 | Val=1.9523 | Acc=74.56% | LR=5.30e-03 | 18.6s
  Ep  7/40 | Train=1.9966 | Val=1.6072 | Acc=81.40% | LR=6.20e-03 | 18.7s
  Ep  8/40 | Train=1.7113 | Val=1.4222 | Acc=85.47% | LR=7.10e-03 | 18.8s
  Ep  9/40 | Train=1.5349 | Val=1.3134 | Acc=87.58% | LR=8.00e-03 | 18.8s
  Ep 10/40 | Train=1.4297 | Val=1.2340 | Acc=89.43% | LR=7.98e-03 | 18.6s
  Ep 11/40 | Train=1.3670 | Val=1.2009 | Acc=90.07% | LR=7.92e-03 | 18.8s
  Ep 12/40 | Train=1.3221 | Val=1.1685 | Acc=90.79% | LR=7.83e-03 | 18.8s
  Ep 13/40 | Train=1.2888 | Val=1.1520 | Acc=91.03% | LR=7.70e-03 | 18.7s
  Ep 14/40 | Train=1.2617 | Val=1.1330 | Acc=91.49% | LR=7.53e-03 | 18.7s
  Ep 15/40 | Train=1.2415 | Val=1.1198 | Acc=91.76% | LR=7.33e-03 | 18.9s
  Ep 16/40 | Train=1.2236 | Val=1.1109 | Acc=91.97% | LR=7.09e-03 | 18.8s
  Ep 17/40 | Train=1.2088 | Val=1.1010 | Acc=92.14% | LR=6.83e-03 | 18.7s
  Ep 18/40 | Train=1.1970 | Val=1.0914 | Acc=92.33% | LR=6.54e-03 | 18.6s
  Ep 19/40 | Train=1.1859 | Val=1.0855 | Acc=92.52% | LR=6.22e-03 | 18.8s
  Ep 20/40 | Train=1.1750 | Val=1.0786 | Acc=92.66% | LR=5.89e-03 | 18.7s
  Ep 21/40 | Train=1.1661 | Val=1.0723 | Acc=92.83% | LR=5.53e-03 | 18.7s
  Ep 22/40 | Train=1.1572 | Val=1.0677 | Acc=92.82% | LR=5.16e-03 | 18.6s
  Ep 23/40 | Train=1.1504 | Val=1.0652 | Acc=92.89% | LR=4.78e-03 | 18.8s
  Ep 24/40 | Train=1.1425 | Val=1.0582 | Acc=93.11% | LR=4.39e-03 | 18.8s
  Ep 25/40 | Train=1.1401 | Val=1.0543 | Acc=93.15% | LR=4.00e-03 | 18.7s
  Ep 26/40 | Train=1.1332 | Val=1.0528 | Acc=93.17% | LR=3.61e-03 | 18.7s
  Ep 27/40 | Train=1.1285 | Val=1.0495 | Acc=93.26% | LR=3.22e-03 | 18.7s
  Ep 28/40 | Train=1.1241 | Val=1.0483 | Acc=93.21% | LR=2.84e-03 | 18.7s
  Ep 29/40 | Train=1.1214 | Val=1.0442 | Acc=93.45% | LR=2.47e-03 | 18.7s
  Ep 30/40 | Train=1.1170 | Val=1.0452 | Acc=93.43% | LR=2.11e-03 | 18.6s
  Ep 31/40 | Train=1.1152 | Val=1.0418 | Acc=93.37% | LR=1.78e-03 | 18.7s
  Ep 32/40 | Train=1.1113 | Val=1.0408 | Acc=93.47% | LR=1.46e-03 | 18.7s
  Ep 33/40 | Train=1.1113 | Val=1.0399 | Acc=93.44% | LR=1.17e-03 | 18.6s
  Ep 34/40 | Train=1.1102 | Val=1.0392 | Acc=93.54% | LR=9.08e-04 | 18.7s
  Ep 35/40 | Train=1.1076 | Val=1.0382 | Acc=93.49% | LR=6.74e-04 | 18.8s
  Ep 36/40 | Train=1.1077 | Val=1.0373 | Acc=93.50% | LR=4.72e-04 | 18.7s
  Ep 37/40 | Train=1.1047 | Val=1.0369 | Acc=93.48% | LR=3.05e-04 | 18.8s
  Ep 38/40 | Train=1.1048 | Val=1.0368 | Acc=93.50% | LR=1.72e-04 | 18.6s
  Ep 39/40 | Train=1.1052 | Val=1.0369 | Acc=93.54% | LR=7.70e-05 | 18.7s
  Ep 40/40 | Train=1.1060 | Val=1.0369 | Acc=93.51% | LR=1.94e-05 | 18.8s
  ✅ Best Val Acc: 93.50%
  📊 Saved → ablation_Phase_3_—_Optimizer.png
  → Best: AdamW  (94.84%)

════════════════════════════════════════════════════════════
  PHASE 4 — DROPOUT
════════════════════════════════════════════════════════════

────────────────────────────────────────────────────────────────────────
Layers=5 | Aug=True | Opt=AdamW | LR=0.001 | WD=0.0001 | Drop=0.3 | Size=128
────────────────────────────────────────────────────────────────────────
  Ep  1/40 | Train=2.8916 | Val=1.9210 | Acc=77.36% | LR=1.00e-04 | 19.1s
  Ep  2/40 | Train=1.5066 | Val=1.2312 | Acc=90.04% | LR=2.13e-04 | 19.0s
  Ep  3/40 | Train=1.2246 | Val=1.1235 | Acc=91.70% | LR=3.25e-04 | 18.9s
  Ep  4/40 | Train=1.1466 | Val=1.1354 | Acc=90.88% | LR=4.38e-04 | 18.8s
  Ep  5/40 | Train=1.1055 | Val=1.1231 | Acc=91.20% | LR=5.50e-04 | 18.9s
  Ep  6/40 | Train=1.0772 | Val=1.0928 | Acc=91.96% | LR=6.63e-04 | 18.8s
  Ep  7/40 | Train=1.0532 | Val=1.0329 | Acc=92.98% | LR=7.75e-04 | 18.8s
  Ep  8/40 | Train=1.0371 | Val=1.0287 | Acc=92.80% | LR=8.88e-04 | 18.8s
  Ep  9/40 | Train=1.0212 | Val=1.0288 | Acc=92.82% | LR=1.00e-03 | 18.7s
  Ep 10/40 | Train=1.0021 | Val=1.0083 | Acc=93.35% | LR=9.98e-04 | 18.8s
  Ep 11/40 | Train=0.9828 | Val=0.9883 | Acc=93.60% | LR=9.90e-04 | 18.7s
  Ep 12/40 | Train=0.9678 | Val=0.9795 | Acc=93.88% | LR=9.78e-04 | 18.8s
  Ep 13/40 | Train=0.9577 | Val=0.9788 | Acc=93.94% | LR=9.62e-04 | 18.7s
  Ep 14/40 | Train=0.9429 | Val=1.0974 | Acc=90.48% | LR=9.41e-04 | 18.8s
  Ep 15/40 | Train=0.9335 | Val=0.9896 | Acc=93.65% | LR=9.16e-04 | 18.8s
  Ep 16/40 | Train=0.9240 | Val=2.1253 | Acc=59.46% | LR=8.87e-04 | 18.8s
  Ep 17/40 | Train=0.9141 | Val=0.9642 | Acc=94.18% | LR=8.54e-04 | 18.7s
  Ep 18/40 | Train=0.9051 | Val=1.1193 | Acc=89.59% | LR=8.17e-04 | 18.8s
  Ep 19/40 | Train=0.8971 | Val=0.9566 | Acc=94.42% | LR=7.78e-04 | 19.0s
  Ep 20/40 | Train=0.8881 | Val=2.8880 | Acc=40.47% | LR=7.36e-04 | 18.7s
  Ep 21/40 | Train=0.8811 | Val=0.9686 | Acc=94.09% | LR=6.91e-04 | 18.7s
  Ep 22/40 | Train=0.8755 | Val=0.9600 | Acc=94.27% | LR=6.45e-04 | 18.8s
  Ep 23/40 | Train=0.8680 | Val=0.9718 | Acc=93.84% | LR=5.98e-04 | 18.7s
  Ep 24/40 | Train=0.8618 | Val=0.9570 | Acc=94.35% | LR=5.49e-04 | 18.6s
  Ep 25/40 | Train=0.8574 | Val=0.9565 | Acc=94.38% | LR=5.00e-04 | 18.7s
  Ep 26/40 | Train=0.8510 | Val=0.9589 | Acc=94.34% | LR=4.51e-04 | 18.7s
  Ep 27/40 | Train=0.8467 | Val=0.9563 | Acc=94.52% | LR=4.03e-04 | 18.6s
  Ep 28/40 | Train=0.8424 | Val=0.9518 | Acc=94.50% | LR=3.55e-04 | 18.7s
  Ep 29/40 | Train=0.8375 | Val=0.9513 | Acc=94.52% | LR=3.09e-04 | 18.8s
  Ep 30/40 | Train=0.8338 | Val=0.9515 | Acc=94.52% | LR=2.64e-04 | 18.7s
  Ep 31/40 | Train=0.8297 | Val=1.0318 | Acc=92.45% | LR=2.22e-04 | 18.7s
  Ep 32/40 | Train=0.8260 | Val=0.9443 | Acc=94.77% | LR=1.83e-04 | 18.7s
  Ep 33/40 | Train=0.8241 | Val=0.9452 | Acc=94.62% | LR=1.47e-04 | 18.8s
  Ep 34/40 | Train=0.8214 | Val=0.9472 | Acc=94.65% | LR=1.14e-04 | 18.7s
  Ep 35/40 | Train=0.8196 | Val=0.9477 | Acc=94.77% | LR=8.44e-05 | 18.8s
  Ep 36/40 | Train=0.8180 | Val=0.9465 | Acc=94.76% | LR=5.91e-05 | 18.7s
  Ep 37/40 | Train=0.8169 | Val=0.9457 | Acc=94.74% | LR=3.82e-05 | 18.8s
  Ep 38/40 | Train=0.8156 | Val=0.9460 | Acc=94.78% | LR=2.16e-05 | 18.7s
  Ep 39/40 | Train=0.8146 | Val=0.9455 | Acc=94.79% | LR=9.71e-06 | 18.7s
  Ep 40/40 | Train=0.8146 | Val=0.9457 | Acc=94.75% | LR=2.51e-06 | 18.8s
  ⏹ Early stop at epoch 40
  ✅ Best Val Acc: 94.77%
  ⏭  Cached L5_aTrue_oAdamW_lr0.001_wd0.0001_d0.4_s128  →  94.84%

────────────────────────────────────────────────────────────────────────
Layers=5 | Aug=True | Opt=AdamW | LR=0.001 | WD=0.0001 | Drop=0.5 | Size=128
────────────────────────────────────────────────────────────────────────
  Ep  1/40 | Train=3.2391 | Val=2.3635 | Acc=58.92% | LR=1.00e-04 | 19.2s
  Ep  2/40 | Train=1.7251 | Val=1.3086 | Acc=88.76% | LR=2.13e-04 | 19.0s
  Ep  3/40 | Train=1.3116 | Val=1.1648 | Acc=90.38% | LR=3.25e-04 | 18.8s
  Ep  4/40 | Train=1.2130 | Val=1.1275 | Acc=91.13% | LR=4.38e-04 | 18.7s
  Ep  5/40 | Train=1.1606 | Val=1.0626 | Acc=92.30% | LR=5.50e-04 | 18.8s
  Ep  6/40 | Train=1.1258 | Val=1.1355 | Acc=90.68% | LR=6.63e-04 | 18.8s
  Ep  7/40 | Train=1.0968 | Val=1.0242 | Acc=93.11% | LR=7.75e-04 | 18.7s
  Ep  8/40 | Train=1.0762 | Val=1.0567 | Acc=92.20% | LR=8.88e-04 | 18.8s
  Ep  9/40 | Train=1.0570 | Val=1.0240 | Acc=92.92% | LR=1.00e-03 | 18.6s
  Ep 10/40 | Train=1.0392 | Val=0.9986 | Acc=93.41% | LR=9.98e-04 | 18.7s
  Ep 11/40 | Train=1.0183 | Val=1.0729 | Acc=90.98% | LR=9.90e-04 | 18.8s
  Ep 12/40 | Train=1.0036 | Val=0.9855 | Acc=93.79% | LR=9.78e-04 | 18.8s
  Ep 13/40 | Train=0.9899 | Val=0.9729 | Acc=94.05% | LR=9.62e-04 | 18.7s
  Ep 14/40 | Train=0.9785 | Val=0.9682 | Acc=94.06% | LR=9.41e-04 | 18.8s
  Ep 15/40 | Train=0.9676 | Val=0.9765 | Acc=93.99% | LR=9.16e-04 | 18.8s
  Ep 16/40 | Train=0.9564 | Val=1.3740 | Acc=81.61% | LR=8.87e-04 | 18.7s
  Ep 17/40 | Train=0.9461 | Val=0.9599 | Acc=94.42% | LR=8.54e-04 | 18.8s
  Ep 18/40 | Train=0.9382 | Val=1.6551 | Acc=73.05% | LR=8.17e-04 | 18.7s
  Ep 19/40 | Train=0.9274 | Val=0.9604 | Acc=94.12% | LR=7.78e-04 | 18.7s
  Ep 20/40 | Train=0.9199 | Val=0.9558 | Acc=94.39% | LR=7.36e-04 | 18.7s
  Ep 21/40 | Train=0.9101 | Val=0.9639 | Acc=94.28% | LR=6.91e-04 | 18.7s
  Ep 22/40 | Train=0.9046 | Val=0.9462 | Acc=94.62% | LR=6.45e-04 | 18.8s
  Ep 23/40 | Train=0.8955 | Val=0.9539 | Acc=94.39% | LR=5.98e-04 | 18.7s
  Ep 24/40 | Train=0.8909 | Val=2.1070 | Acc=59.32% | LR=5.49e-04 | 18.7s
  Ep 25/40 | Train=0.8832 | Val=0.9492 | Acc=94.61% | LR=5.00e-04 | 18.7s
  Ep 26/40 | Train=0.8769 | Val=0.9425 | Acc=94.70% | LR=4.51e-04 | 18.7s
  Ep 27/40 | Train=0.8706 | Val=0.9491 | Acc=94.54% | LR=4.03e-04 | 18.8s
  Ep 28/40 | Train=0.8663 | Val=0.9434 | Acc=94.60% | LR=3.55e-04 | 18.6s
  Ep 29/40 | Train=0.8592 | Val=0.9430 | Acc=94.59% | LR=3.09e-04 | 18.6s
  Ep 30/40 | Train=0.8558 | Val=0.9434 | Acc=94.68% | LR=2.64e-04 | 18.9s
  Ep 31/40 | Train=0.8510 | Val=0.9421 | Acc=94.76% | LR=2.22e-04 | 18.8s
  Ep 32/40 | Train=0.8475 | Val=0.9409 | Acc=94.80% | LR=1.83e-04 | 18.8s
  Ep 33/40 | Train=0.8426 | Val=0.9389 | Acc=94.67% | LR=1.47e-04 | 18.7s
  Ep 34/40 | Train=0.8405 | Val=0.9427 | Acc=94.68% | LR=1.14e-04 | 18.8s
  Ep 35/40 | Train=0.8373 | Val=0.9426 | Acc=94.66% | LR=8.44e-05 | 18.8s
  Ep 36/40 | Train=0.8358 | Val=0.9415 | Acc=94.75% | LR=5.91e-05 | 18.8s
  Ep 37/40 | Train=0.8335 | Val=0.9417 | Acc=94.74% | LR=3.82e-05 | 18.7s
  Ep 38/40 | Train=0.8326 | Val=0.9421 | Acc=94.74% | LR=2.16e-05 | 18.7s
  Ep 39/40 | Train=0.8325 | Val=0.9413 | Acc=94.77% | LR=9.71e-06 | 18.8s
  Ep 40/40 | Train=0.8311 | Val=0.9410 | Acc=94.72% | LR=2.51e-06 | 18.8s
  ✅ Best Val Acc: 94.67%
  📊 Saved → ablation_Phase_4_—_Dropout.png
  → Best: drop=0.4  (94.84%)

🏆 🏆 🏆 🏆 🏆 🏆 🏆 🏆 🏆 🏆 🏆 🏆 🏆 🏆 🏆 🏆 🏆 🏆 🏆 🏆 
  OPTIMAL HYPERPARAMETERS
🏆 🏆 🏆 🏆 🏆 🏆 🏆 🏆 🏆 🏆 🏆 🏆 🏆 🏆 🏆 🏆 🏆 🏆 🏆 🏆 
  Layers        : 5
  Aug           : True
  Opt           : AdamW
  LR            : 0.001
  WD            : 0.0001
  Dropout       : 0.4
  Best Val Acc  : 94.84%

  ✅ Production model saved → FINAL_PRODUCTION_MODEL.pth

══════════════════════════════════════════════════════════════════════
  CONFUSION MATRIX
══════════════════════════════════════════════════════════════════════
  📊 Saved → confusion_matrix_best.png
>>> Training complete. Salvaging results...
>>> Cleaning up scratch...
>>> Pipeline complete.
