==========================================
SLURM_JOB_ID = 2614884
SLURM_NODELIST = gnode081
SLURM_JOB_GPUS = 0,1,2,3
==========================================
>>> Setting up scratch workspace...
>>> Copying dataset and script to scratch...
>>> Unzipping dataset...
>>> Starting BanglaLekha training on 4 GPUs...
Using device: cuda (4 GPUs available)

════════════════════════════════════════════════════════════
  PHASE 1 — MODEL DEPTH
════════════════════════════════════════════════════════════

────────────────────────────────────────────────────────────────────────
Layers=3 | Aug=True | Opt=AdamW | LR=0.001 | WD=0.0001 | Drop=0.4 | Size=128
────────────────────────────────────────────────────────────────────────
  Ep  1/20 | Train=1.8933 | Val=1.3476 | Acc=85.10% | LR=1.00e-03 | 299.1s
  Ep  2/20 | Train=1.4671 | Val=1.3597 | Acc=83.65% | LR=1.00e-03 | 298.2s
  Ep  3/20 | Train=1.3545 | Val=1.1763 | Acc=89.41% | LR=1.00e-03 | 298.6s
  Ep  4/20 | Train=1.2954 | Val=1.1312 | Acc=90.81% | LR=1.00e-03 | 299.0s
  Ep  5/20 | Train=1.2579 | Val=1.1069 | Acc=91.23% | LR=1.00e-03 | 298.8s
  Ep  6/20 | Train=1.2289 | Val=1.4181 | Acc=80.88% | LR=1.00e-03 | 299.5s
  Ep  7/20 | Train=1.2092 | Val=1.0843 | Acc=91.99% | LR=1.00e-03 | 298.9s
  Ep  8/20 | Train=1.1836 | Val=1.0732 | Acc=92.20% | LR=1.00e-03 | 298.6s
  Ep  9/20 | Train=1.1658 | Val=2.5117 | Acc=48.12% | LR=1.00e-03 | 299.5s
  Ep 10/20 | Train=1.1551 | Val=1.1388 | Acc=89.80% | LR=1.00e-03 | 298.3s
  Ep 11/20 | Train=1.1397 | Val=1.0533 | Acc=92.52% | LR=1.00e-03 | 298.9s
  Ep 12/20 | Train=1.1304 | Val=1.0500 | Acc=92.73% | LR=1.00e-03 | 299.6s
  Ep 13/20 | Train=1.1168 | Val=1.0806 | Acc=91.77% | LR=1.00e-03 | 298.1s
  Ep 14/20 | Train=1.1098 | Val=1.0427 | Acc=92.84% | LR=1.00e-03 | 298.3s
  Ep 15/20 | Train=1.1000 | Val=1.0503 | Acc=92.84% | LR=1.00e-03 | 300.1s
  Ep 16/20 | Train=1.0893 | Val=1.0334 | Acc=93.06% | LR=1.00e-03 | 299.6s
  Ep 17/20 | Train=1.0857 | Val=1.0296 | Acc=92.95% | LR=1.00e-03 | 301.9s
  Ep 18/20 | Train=1.0790 | Val=1.0578 | Acc=92.39% | LR=1.00e-03 | 300.4s
  Ep 19/20 | Train=1.0699 | Val=1.0298 | Acc=93.03% | LR=1.00e-03 | 299.3s
  Ep 20/20 | Train=1.0656 | Val=1.0327 | Acc=93.09% | LR=1.00e-03 | 298.4s
  ✅ Best Val Acc: 92.95%

────────────────────────────────────────────────────────────────────────
Layers=4 | Aug=True | Opt=AdamW | LR=0.001 | WD=0.0001 | Drop=0.4 | Size=128
────────────────────────────────────────────────────────────────────────
  Ep  1/20 | Train=1.7153 | Val=1.2159 | Acc=88.73% | LR=1.00e-03 | 301.2s
  Ep  2/20 | Train=1.3042 | Val=1.1150 | Acc=91.33% | LR=1.00e-03 | 302.4s
  Ep  3/20 | Train=1.2181 | Val=1.9399 | Acc=63.39% | LR=1.00e-03 | 303.1s
  Ep  4/20 | Train=1.1691 | Val=1.0514 | Acc=92.65% | LR=1.00e-03 | 302.9s
  Ep  5/20 | Train=1.1330 | Val=1.0285 | Acc=93.17% | LR=1.00e-03 | 303.8s
  Ep  6/20 | Train=1.1111 | Val=1.0211 | Acc=93.35% | LR=1.00e-03 | 303.2s
  Ep  7/20 | Train=1.0911 | Val=1.0142 | Acc=93.40% | LR=1.00e-03 | 301.1s
  Ep  8/20 | Train=1.0672 | Val=1.6867 | Acc=71.34% | LR=1.00e-03 | 301.1s
  Ep  9/20 | Train=1.0553 | Val=1.0041 | Acc=93.72% | LR=1.00e-03 | 301.5s
  Ep 10/20 | Train=1.0400 | Val=3.0404 | Acc=34.09% | LR=1.00e-03 | 301.4s
  Ep 11/20 | Train=1.0332 | Val=0.9939 | Acc=93.82% | LR=1.00e-03 | 301.1s
  Ep 12/20 | Train=1.0193 | Val=0.9825 | Acc=94.01% | LR=1.00e-03 | 301.8s
  Ep 13/20 | Train=1.0084 | Val=0.9851 | Acc=94.02% | LR=1.00e-03 | 301.3s
  Ep 14/20 | Train=1.0016 | Val=3.9576 | Acc=20.32% | LR=1.00e-03 | 301.6s
  Ep 15/20 | Train=0.9925 | Val=0.9802 | Acc=94.15% | LR=1.00e-03 | 301.0s
  Ep 16/20 | Train=0.9824 | Val=3.0164 | Acc=35.77% | LR=1.00e-03 | 303.2s
  Ep 17/20 | Train=0.9792 | Val=1.0126 | Acc=93.47% | LR=1.00e-03 | 301.5s
  Ep 18/20 | Train=0.9766 | Val=1.0005 | Acc=93.83% | LR=1.00e-03 | 302.2s
  Ep 19/20 | Train=0.9516 | Val=0.9641 | Acc=94.38% | LR=5.00e-04 | 301.6s
  Ep 20/20 | Train=0.9427 | Val=0.9635 | Acc=94.50% | LR=5.00e-04 | 302.0s
  ✅ Best Val Acc: 94.50%

────────────────────────────────────────────────────────────────────────
Layers=5 | Aug=True | Opt=AdamW | LR=0.001 | WD=0.0001 | Drop=0.4 | Size=128
────────────────────────────────────────────────────────────────────────
  Ep  1/20 | Train=1.5950 | Val=1.1466 | Acc=90.15% | LR=1.00e-03 | 305.2s
  Ep  2/20 | Train=1.2157 | Val=1.0676 | Acc=92.16% | LR=1.00e-03 | 305.6s
  Ep  3/20 | Train=1.1404 | Val=1.0219 | Acc=93.10% | LR=1.00e-03 | 306.6s
  Ep  4/20 | Train=1.0930 | Val=1.0064 | Acc=93.34% | LR=1.00e-03 | 304.1s
  Ep  5/20 | Train=1.0693 | Val=0.9892 | Acc=93.84% | LR=1.00e-03 | 305.2s
  Ep  6/20 | Train=1.0472 | Val=0.9870 | Acc=93.92% | LR=1.00e-03 | 306.7s
  Ep  7/20 | Train=1.0246 | Val=1.1816 | Acc=88.24% | LR=1.00e-03 | 302.8s
  Ep  8/20 | Train=1.0097 | Val=0.9746 | Acc=94.17% | LR=1.00e-03 | 305.9s
  Ep  9/20 | Train=0.9984 | Val=0.9714 | Acc=94.32% | LR=1.00e-03 | 305.9s
  Ep 10/20 | Train=0.9809 | Val=0.9639 | Acc=94.18% | LR=1.00e-03 | 305.1s
  Ep 11/20 | Train=0.9728 | Val=0.9609 | Acc=94.20% | LR=1.00e-03 | 305.7s
  Ep 12/20 | Train=0.9619 | Val=0.9601 | Acc=94.29% | LR=1.00e-03 | 305.0s
  Ep 13/20 | Train=0.9504 | Val=0.9532 | Acc=94.58% | LR=1.00e-03 | 305.0s
  Ep 14/20 | Train=0.9465 | Val=0.9532 | Acc=94.51% | LR=1.00e-03 | 304.9s
  Ep 15/20 | Train=0.9370 | Val=0.9568 | Acc=94.43% | LR=1.00e-03 | 304.0s
  Ep 16/20 | Train=0.9297 | Val=0.9606 | Acc=94.42% | LR=1.00e-03 | 306.6s
  Ep 17/20 | Train=0.9064 | Val=0.9415 | Acc=94.85% | LR=5.00e-04 | 305.3s
  Ep 18/20 | Train=0.8946 | Val=0.9449 | Acc=94.76% | LR=5.00e-04 | 306.8s
  Ep 19/20 | Train=0.8887 | Val=0.9645 | Acc=94.15% | LR=5.00e-04 | 304.8s
  Ep 20/20 | Train=0.8838 | Val=0.9484 | Acc=94.64% | LR=5.00e-04 | 305.3s
  ✅ Best Val Acc: 94.85%
  📊 Saved → ablation_Phase_1_—_Model_Depth.png

════════════════════════════════════════════════════════════
  PHASE 2 — AUGMENTATION
════════════════════════════════════════════════════════════
  ⏭  Cached L5_aTrue_oAdamW_lr0.001_wd0.0001_d0.4_s128  →  94.85%

────────────────────────────────────────────────────────────────────────
Layers=5 | Aug=False | Opt=AdamW | LR=0.001 | WD=0.0001 | Drop=0.4 | Size=128
────────────────────────────────────────────────────────────────────────
  Ep  1/20 | Train=1.4433 | Val=1.0966 | Acc=91.58% | LR=1.00e-03 | 98.5s
  Ep  2/20 | Train=1.1140 | Val=1.0395 | Acc=92.60% | LR=1.00e-03 | 98.0s
  Ep  3/20 | Train=1.0480 | Val=1.0135 | Acc=93.32% | LR=1.00e-03 | 99.4s
  Ep  4/20 | Train=1.0066 | Val=0.9959 | Acc=93.47% | LR=1.00e-03 | 98.5s
  Ep  5/20 | Train=0.9751 | Val=0.9841 | Acc=93.82% | LR=1.00e-03 | 97.5s
  Ep  6/20 | Train=0.9463 | Val=0.9715 | Acc=94.30% | LR=1.00e-03 | 96.4s
  Ep  7/20 | Train=0.9257 | Val=0.9669 | Acc=94.23% | LR=1.00e-03 | 97.1s
  Ep  8/20 | Train=0.9042 | Val=0.9668 | Acc=94.15% | LR=1.00e-03 | 95.6s
  Ep  9/20 | Train=0.8859 | Val=0.9688 | Acc=94.21% | LR=1.00e-03 | 98.3s
  Ep 10/20 | Train=0.8710 | Val=0.9638 | Acc=94.43% | LR=1.00e-03 | 99.3s
  Ep 11/20 | Train=0.8594 | Val=0.9749 | Acc=94.02% | LR=1.00e-03 | 97.7s
  Ep 12/20 | Train=0.8494 | Val=0.9736 | Acc=94.30% | LR=1.00e-03 | 97.3s
  Ep 13/20 | Train=0.8414 | Val=0.9722 | Acc=94.14% | LR=1.00e-03 | 97.5s
  Ep 14/20 | Train=0.8204 | Val=0.9608 | Acc=94.48% | LR=5.00e-04 | 97.3s
  Ep 15/20 | Train=0.8125 | Val=0.9609 | Acc=94.49% | LR=5.00e-04 | 97.9s
  Ep 16/20 | Train=0.8096 | Val=0.9623 | Acc=94.54% | LR=5.00e-04 | 98.0s
  Ep 17/20 | Train=0.8064 | Val=0.9617 | Acc=94.59% | LR=5.00e-04 | 98.0s
  Ep 18/20 | Train=0.8008 | Val=0.9622 | Acc=94.53% | LR=2.50e-04 | 98.3s
  ⏹ Early stop at epoch 18
  ✅ Best Val Acc: 94.48%
  📊 Saved → ablation_Phase_2_—_Augmentation.png

════════════════════════════════════════════════════════════
  PHASE 3 — OPTIMIZER
════════════════════════════════════════════════════════════
  ⏭  Cached L5_aTrue_oAdamW_lr0.001_wd0.0001_d0.4_s128  →  94.85%

────────────────────────────────────────────────────────────────────────
Layers=5 | Aug=True | Opt=Adam | LR=0.001 | WD=0.0001 | Drop=0.4 | Size=128
────────────────────────────────────────────────────────────────────────
  Ep  1/20 | Train=1.6395 | Val=1.1728 | Acc=89.66% | LR=1.00e-03 | 303.8s
  Ep  2/20 | Train=1.2680 | Val=1.1425 | Acc=89.61% | LR=1.00e-03 | 304.5s
  Ep  3/20 | Train=1.1985 | Val=1.4560 | Acc=80.37% | LR=1.00e-03 | 304.2s
  Ep  4/20 | Train=1.1597 | Val=1.0996 | Acc=90.83% | LR=1.00e-03 | 303.9s
  Ep  5/20 | Train=1.1366 | Val=1.0437 | Acc=92.35% | LR=1.00e-03 | 304.0s
  Ep  6/20 | Train=1.1173 | Val=1.0206 | Acc=92.69% | LR=1.00e-03 | 305.4s
  Ep  7/20 | Train=1.1005 | Val=1.0285 | Acc=92.82% | LR=1.00e-03 | 304.1s
  Ep  8/20 | Train=1.0927 | Val=1.0174 | Acc=92.93% | LR=1.00e-03 | 305.0s
  Ep  9/20 | Train=1.0797 | Val=1.0170 | Acc=92.93% | LR=1.00e-03 | 305.2s
  Ep 10/20 | Train=1.0755 | Val=1.0023 | Acc=93.38% | LR=1.00e-03 | 305.5s
  Ep 11/20 | Train=1.0684 | Val=1.0063 | Acc=93.16% | LR=1.00e-03 | 305.7s
  Ep 12/20 | Train=1.0649 | Val=1.0045 | Acc=93.27% | LR=1.00e-03 | 305.2s
  Ep 13/20 | Train=1.0576 | Val=1.2496 | Acc=85.27% | LR=1.00e-03 | 306.4s
  Ep 14/20 | Train=1.0110 | Val=0.9680 | Acc=94.06% | LR=5.00e-04 | 304.2s
  Ep 15/20 | Train=0.9981 | Val=0.9639 | Acc=94.18% | LR=5.00e-04 | 305.6s
  Ep 16/20 | Train=0.9943 | Val=0.9720 | Acc=94.12% | LR=5.00e-04 | 305.3s
  Ep 17/20 | Train=0.9893 | Val=0.9830 | Acc=93.63% | LR=5.00e-04 | 306.6s
  Ep 18/20 | Train=0.9894 | Val=0.9656 | Acc=94.13% | LR=5.00e-04 | 305.1s
  Ep 19/20 | Train=0.9603 | Val=0.9537 | Acc=94.44% | LR=2.50e-04 | 304.0s
  Ep 20/20 | Train=0.9482 | Val=0.9700 | Acc=94.05% | LR=2.50e-04 | 305.5s
  ✅ Best Val Acc: 94.44%

────────────────────────────────────────────────────────────────────────
Layers=5 | Aug=True | Opt=SGD | LR=0.001 | WD=0.0001 | Drop=0.4 | Size=128
────────────────────────────────────────────────────────────────────────
  Ep  1/20 | Train=4.1759 | Val=3.7576 | Acc=21.90% | LR=1.00e-03 | 306.0s
  Ep  2/20 | Train=3.5650 | Val=3.1142 | Acc=45.12% | LR=1.00e-03 | 306.2s
  Ep  3/20 | Train=3.0338 | Val=2.5588 | Acc=61.16% | LR=1.00e-03 | 306.5s
  Ep  4/20 | Train=2.5946 | Val=2.1141 | Acc=70.19% | LR=1.00e-03 | 305.3s
  Ep  5/20 | Train=2.2598 | Val=1.8409 | Acc=76.60% | LR=1.00e-03 | 306.1s
  Ep  6/20 | Train=2.0170 | Val=1.6189 | Acc=81.28% | LR=1.00e-03 | 306.0s
  Ep  7/20 | Train=1.8422 | Val=1.5002 | Acc=83.65% | LR=1.00e-03 | 305.5s
  Ep  8/20 | Train=1.7117 | Val=1.4123 | Acc=85.44% | LR=1.00e-03 | 305.3s
  Ep  9/20 | Train=1.6213 | Val=1.3388 | Acc=87.21% | LR=1.00e-03 | 305.0s
  Ep 10/20 | Train=1.5544 | Val=1.2934 | Acc=87.81% | LR=1.00e-03 | 305.4s
  Ep 11/20 | Train=1.5018 | Val=1.2587 | Acc=88.51% | LR=1.00e-03 | 305.0s
  Ep 12/20 | Train=1.4555 | Val=1.2389 | Acc=88.98% | LR=1.00e-03 | 305.2s
  Ep 13/20 | Train=1.4250 | Val=1.2152 | Acc=89.63% | LR=1.00e-03 | 305.1s
  Ep 14/20 | Train=1.3981 | Val=1.2036 | Acc=90.04% | LR=1.00e-03 | 305.5s
  Ep 15/20 | Train=1.3698 | Val=1.1809 | Acc=90.61% | LR=1.00e-03 | 304.3s
  Ep 16/20 | Train=1.3499 | Val=1.1746 | Acc=90.56% | LR=1.00e-03 | 305.6s
  Ep 17/20 | Train=1.3337 | Val=1.1687 | Acc=90.80% | LR=1.00e-03 | 305.1s
  Ep 18/20 | Train=1.3161 | Val=1.1580 | Acc=91.11% | LR=1.00e-03 | 304.8s
  Ep 19/20 | Train=1.3053 | Val=1.1455 | Acc=91.32% | LR=1.00e-03 | 306.3s
  Ep 20/20 | Train=1.2908 | Val=1.1444 | Acc=91.42% | LR=1.00e-03 | 305.4s
  ✅ Best Val Acc: 91.42%
  📊 Saved → ablation_Phase_3_—_Optimizer.png

════════════════════════════════════════════════════════════
  PHASE 4 — LEARNING RATE
════════════════════════════════════════════════════════════

────────────────────────────────────────────────────────────────────────
Layers=5 | Aug=True | Opt=AdamW | LR=0.003 | WD=0.0001 | Drop=0.4 | Size=128
────────────────────────────────────────────────────────────────────────
  Ep  1/20 | Train=1.6509 | Val=1.1622 | Acc=89.77% | LR=3.00e-03 | 304.8s
  Ep  2/20 | Train=1.2302 | Val=1.0639 | Acc=92.16% | LR=3.00e-03 | 303.7s
  Ep  3/20 | Train=1.1490 | Val=1.0304 | Acc=92.91% | LR=3.00e-03 | 305.4s
  Ep  4/20 | Train=1.1080 | Val=1.0097 | Acc=93.32% | LR=3.00e-03 | 304.4s
  Ep  5/20 | Train=1.0745 | Val=0.9987 | Acc=93.74% | LR=3.00e-03 | 304.4s
  Ep  6/20 | Train=1.0481 | Val=0.9994 | Acc=93.59% | LR=3.00e-03 | 305.0s
  Ep  7/20 | Train=1.0370 | Val=0.9823 | Acc=93.80% | LR=3.00e-03 | 305.3s
  Ep  8/20 | Train=1.0174 | Val=0.9806 | Acc=93.77% | LR=3.00e-03 | 303.2s
  Ep  9/20 | Train=1.0000 | Val=0.9702 | Acc=94.27% | LR=3.00e-03 | 306.0s
  Ep 10/20 | Train=0.9903 | Val=0.9659 | Acc=94.39% | LR=3.00e-03 | 304.4s
  Ep 11/20 | Train=0.9798 | Val=0.9681 | Acc=94.31% | LR=3.00e-03 | 306.8s
  Ep 12/20 | Train=0.9687 | Val=0.9705 | Acc=94.11% | LR=3.00e-03 | 305.3s
  Ep 13/20 | Train=0.9572 | Val=0.9585 | Acc=94.33% | LR=3.00e-03 | 305.3s
  Ep 14/20 | Train=0.9497 | Val=4.1110 | Acc=16.47% | LR=3.00e-03 | 305.6s
  Ep 15/20 | Train=0.9432 | Val=2.6324 | Acc=46.50% | LR=3.00e-03 | 305.0s
  Ep 16/20 | Train=0.9347 | Val=0.9513 | Acc=94.53% | LR=3.00e-03 | 305.6s
  Ep 17/20 | Train=0.9274 | Val=0.9558 | Acc=94.44% | LR=3.00e-03 | 307.0s
  Ep 18/20 | Train=0.9237 | Val=3.9747 | Acc=18.82% | LR=3.00e-03 | 305.2s
  Ep 19/20 | Train=0.9144 | Val=0.9638 | Acc=94.25% | LR=3.00e-03 | 305.9s
  Ep 20/20 | Train=0.8928 | Val=0.9472 | Acc=94.61% | LR=1.50e-03 | 304.7s
  ✅ Best Val Acc: 94.61%
  ⏭  Cached L5_aTrue_oAdamW_lr0.001_wd0.0001_d0.4_s128  →  94.85%

────────────────────────────────────────────────────────────────────────
Layers=5 | Aug=True | Opt=AdamW | LR=0.0003 | WD=0.0001 | Drop=0.4 | Size=128
────────────────────────────────────────────────────────────────────────
  Ep  1/20 | Train=1.6225 | Val=1.1626 | Acc=89.58% | LR=3.00e-04 | 306.1s
  Ep  2/20 | Train=1.2100 | Val=1.0725 | Acc=92.10% | LR=3.00e-04 | 306.1s
  Ep  3/20 | Train=1.1369 | Val=1.0418 | Acc=92.65% | LR=3.00e-04 | 306.6s
  Ep  4/20 | Train=1.0923 | Val=1.1140 | Acc=90.34% | LR=3.00e-04 | 306.1s
  Ep  5/20 | Train=1.0645 | Val=0.9983 | Acc=93.66% | LR=3.00e-04 | 305.6s
  Ep  6/20 | Train=1.0383 | Val=0.9780 | Acc=94.10% | LR=3.00e-04 | 305.6s
  Ep  7/20 | Train=1.0204 | Val=0.9802 | Acc=94.18% | LR=3.00e-04 | 306.0s
  Ep  8/20 | Train=1.0070 | Val=1.0094 | Acc=93.49% | LR=3.00e-04 | 304.5s
  Ep  9/20 | Train=0.9965 | Val=0.9771 | Acc=94.00% | LR=3.00e-04 | 304.6s
  Ep 10/20 | Train=0.9826 | Val=0.9618 | Acc=94.45% | LR=3.00e-04 | 304.3s
  Ep 11/20 | Train=0.9731 | Val=0.9651 | Acc=94.54% | LR=3.00e-04 | 306.0s
  Ep 12/20 | Train=0.9640 | Val=0.9626 | Acc=94.28% | LR=3.00e-04 | 305.8s
  Ep 13/20 | Train=0.9544 | Val=0.9624 | Acc=94.38% | LR=3.00e-04 | 303.3s
  Ep 14/20 | Train=0.9299 | Val=0.9452 | Acc=94.83% | LR=1.50e-04 | 303.7s
  Ep 15/20 | Train=0.9173 | Val=0.9457 | Acc=94.65% | LR=1.50e-04 | 303.7s
  Ep 16/20 | Train=0.9082 | Val=0.9462 | Acc=94.84% | LR=1.50e-04 | 304.1s
  Ep 17/20 | Train=0.9048 | Val=0.9429 | Acc=94.78% | LR=1.50e-04 | 304.1s
  Ep 18/20 | Train=0.8988 | Val=0.9507 | Acc=94.77% | LR=1.50e-04 | 303.4s
  Ep 19/20 | Train=0.8954 | Val=0.9522 | Acc=94.71% | LR=1.50e-04 | 305.3s
  Ep 20/20 | Train=0.8914 | Val=0.9459 | Acc=94.73% | LR=1.50e-04 | 305.3s
  ✅ Best Val Acc: 94.78%

────────────────────────────────────────────────────────────────────────
Layers=5 | Aug=True | Opt=AdamW | LR=0.0001 | WD=0.0001 | Drop=0.4 | Size=128
────────────────────────────────────────────────────────────────────────
  Ep  1/20 | Train=1.8694 | Val=1.1967 | Acc=89.68% | LR=1.00e-04 | 304.7s
  Ep  2/20 | Train=1.2542 | Val=1.0984 | Acc=91.63% | LR=1.00e-04 | 305.2s
  Ep  3/20 | Train=1.1695 | Val=1.0463 | Acc=92.89% | LR=1.00e-04 | 305.9s
  Ep  4/20 | Train=1.1222 | Val=1.0330 | Acc=93.01% | LR=1.00e-04 | 304.7s
  Ep  5/20 | Train=1.0913 | Val=1.0178 | Acc=93.27% | LR=1.00e-04 | 305.1s
  Ep  6/20 | Train=1.0657 | Val=1.0125 | Acc=93.35% | LR=1.00e-04 | 305.6s
  Ep  7/20 | Train=1.0504 | Val=0.9977 | Acc=93.84% | LR=1.00e-04 | 304.4s
  Ep  8/20 | Train=1.0287 | Val=0.9894 | Acc=94.12% | LR=1.00e-04 | 304.2s
  Ep  9/20 | Train=1.0168 | Val=0.9827 | Acc=94.02% | LR=1.00e-04 | 305.5s
  Ep 10/20 | Train=1.0041 | Val=0.9801 | Acc=94.04% | LR=1.00e-04 | 305.8s
  Ep 11/20 | Train=0.9915 | Val=0.9751 | Acc=94.32% | LR=1.00e-04 | 305.5s
  Ep 12/20 | Train=0.9822 | Val=0.9725 | Acc=94.05% | LR=1.00e-04 | 306.0s
  Ep 13/20 | Train=0.9738 | Val=0.9761 | Acc=94.36% | LR=1.00e-04 | 305.4s
  Ep 14/20 | Train=0.9636 | Val=0.9650 | Acc=94.41% | LR=1.00e-04 | 305.1s
  Ep 15/20 | Train=0.9584 | Val=0.9685 | Acc=94.16% | LR=1.00e-04 | 306.0s
  Ep 16/20 | Train=0.9510 | Val=0.9675 | Acc=94.27% | LR=1.00e-04 | 305.3s
  Ep 17/20 | Train=0.9420 | Val=0.9678 | Acc=94.30% | LR=1.00e-04 | 305.4s
  Ep 18/20 | Train=0.9217 | Val=0.9612 | Acc=94.59% | LR=5.00e-05 | 304.7s
  Ep 19/20 | Train=0.9126 | Val=0.9497 | Acc=94.78% | LR=5.00e-05 | 304.6s
  Ep 20/20 | Train=0.9078 | Val=0.9515 | Acc=94.67% | LR=5.00e-05 | 305.8s
  ✅ Best Val Acc: 94.78%
  📊 Saved → ablation_Phase_4_—_Learning_Rate.png

════════════════════════════════════════════════════════════
  PHASE 5 — WEIGHT DECAY
════════════════════════════════════════════════════════════

────────────────────────────────────────────────────────────────────────
Layers=5 | Aug=True | Opt=AdamW | LR=0.001 | WD=0.001 | Drop=0.4 | Size=128
────────────────────────────────────────────────────────────────────────
  Ep  1/20 | Train=1.6044 | Val=1.1730 | Acc=89.12% | LR=1.00e-03 | 305.3s
  Ep  2/20 | Train=1.2131 | Val=1.0656 | Acc=92.03% | LR=1.00e-03 | 305.7s
  Ep  3/20 | Train=1.1365 | Val=2.1040 | Acc=60.29% | LR=1.00e-03 | 304.5s
  Ep  4/20 | Train=1.0952 | Val=1.5888 | Acc=75.82% | LR=1.00e-03 | 305.7s
