==========================================
SLURM_JOB_ID = 2615165
SLURM_NODELIST = gnode045
SLURM_JOB_GPUS = 0,1,2,3
==========================================
>>> Setting up scratch workspace...
>>> Copying dataset and script to scratch...
>>> Unzipping dataset...
>>> Starting BanglaLekha training on 4 GPUs with DDP...
Device: cuda:0  |  GPUs: 4  |  Effective batch: 512 * 4
  📊 Saved → dataset_preview.png

════════════════════════════════════════════════════════════
  PHASE 1 — MODEL DEPTH
════════════════════════════════════════════════════════════

────────────────────────────────────────────────────────────────────────
Layers=3 | Aug=True | Opt=AdamW | LR=0.001 | WD=0.0001 | Drop=0.4 | Size=128
────────────────────────────────────────────────────────────────────────
  Ep  1/20 | Train=3.1243 | Val=2.3790 | Acc=62.61% | LR=1.00e-04 | 26.6s
  Ep  2/20 | Train=1.9978 | Val=1.6099 | Acc=79.78% | LR=2.80e-04 | 17.9s
  Ep  3/20 | Train=1.5877 | Val=1.4182 | Acc=83.41% | LR=4.60e-04 | 17.8s
  Ep  4/20 | Train=1.4485 | Val=1.4248 | Acc=81.81% | LR=6.40e-04 | 17.8s
  Ep  5/20 | Train=1.3734 | Val=1.3620 | Acc=83.13% | LR=8.20e-04 | 17.8s
  Ep  6/20 | Train=1.3185 | Val=1.2603 | Acc=86.88% | LR=1.00e-03 | 17.9s
  Ep  7/20 | Train=1.2693 | Val=1.1631 | Acc=89.85% | LR=9.89e-04 | 18.0s
  Ep  8/20 | Train=1.2318 | Val=1.2498 | Acc=86.67% | LR=9.57e-04 | 17.9s
  Ep  9/20 | Train=1.1997 | Val=1.1144 | Acc=90.97% | LR=9.05e-04 | 18.0s
  Ep 10/20 | Train=1.1731 | Val=1.1032 | Acc=91.36% | LR=8.35e-04 | 17.8s
  Ep 11/20 | Train=1.1522 | Val=1.0803 | Acc=91.87% | LR=7.50e-04 | 17.9s
  Ep 12/20 | Train=1.1321 | Val=1.1195 | Acc=90.82% | LR=6.55e-04 | 17.9s
  Ep 13/20 | Train=1.1151 | Val=1.0631 | Acc=92.29% | LR=5.53e-04 | 17.9s
  Ep 14/20 | Train=1.0997 | Val=1.0648 | Acc=92.43% | LR=4.48e-04 | 18.0s
  Ep 15/20 | Train=1.0853 | Val=1.0588 | Acc=92.21% | LR=3.46e-04 | 17.9s
  Ep 16/20 | Train=1.0728 | Val=1.0480 | Acc=92.76% | LR=2.51e-04 | 18.0s
  Ep 17/20 | Train=1.0618 | Val=1.0376 | Acc=92.86% | LR=1.66e-04 | 18.0s
  Ep 18/20 | Train=1.0541 | Val=1.0368 | Acc=93.03% | LR=9.64e-05 | 18.0s
  Ep 19/20 | Train=1.0511 | Val=1.0328 | Acc=93.11% | LR=4.42e-05 | 18.0s
  Ep 20/20 | Train=1.0467 | Val=1.0317 | Acc=93.12% | LR=1.19e-05 | 17.9s
  ✅ Best Val Acc: 93.12%

────────────────────────────────────────────────────────────────────────
Layers=4 | Aug=True | Opt=AdamW | LR=0.001 | WD=0.0001 | Drop=0.4 | Size=128
────────────────────────────────────────────────────────────────────────
  Ep  1/20 | Train=3.0775 | Val=2.1798 | Acc=65.45% | LR=1.00e-04 | 20.1s
  Ep  2/20 | Train=1.7577 | Val=1.3846 | Acc=85.53% | LR=2.80e-04 | 18.7s
  Ep  3/20 | Train=1.3743 | Val=1.2305 | Acc=89.02% | LR=4.60e-04 | 18.6s
  Ep  4/20 | Train=1.2730 | Val=1.1697 | Acc=90.23% | LR=6.40e-04 | 18.6s
  Ep  5/20 | Train=1.2139 | Val=1.1454 | Acc=90.50% | LR=8.20e-04 | 18.6s
  Ep  6/20 | Train=1.1753 | Val=1.1091 | Acc=91.33% | LR=1.00e-03 | 18.5s
  Ep  7/20 | Train=1.1375 | Val=1.1156 | Acc=91.11% | LR=9.89e-04 | 18.6s
  Ep  8/20 | Train=1.1067 | Val=1.0450 | Acc=92.74% | LR=9.57e-04 | 18.5s
  Ep  9/20 | Train=1.0811 | Val=1.0507 | Acc=92.63% | LR=9.05e-04 | 18.6s
  Ep 10/20 | Train=1.0609 | Val=1.0590 | Acc=92.03% | LR=8.35e-04 | 18.5s
  Ep 11/20 | Train=1.0417 | Val=1.0339 | Acc=92.96% | LR=7.50e-04 | 18.6s
  Ep 12/20 | Train=1.0239 | Val=1.1611 | Acc=89.15% | LR=6.55e-04 | 18.5s
  Ep 13/20 | Train=1.0091 | Val=0.9971 | Acc=93.91% | LR=5.53e-04 | 18.6s
  Ep 14/20 | Train=0.9935 | Val=0.9933 | Acc=93.88% | LR=4.48e-04 | 18.5s
  Ep 15/20 | Train=0.9826 | Val=1.0289 | Acc=93.12% | LR=3.46e-04 | 18.5s
  Ep 16/20 | Train=0.9700 | Val=0.9839 | Acc=94.07% | LR=2.51e-04 | 18.5s
  Ep 17/20 | Train=0.9598 | Val=0.9773 | Acc=94.23% | LR=1.66e-04 | 18.6s
  Ep 18/20 | Train=0.9515 | Val=0.9758 | Acc=94.32% | LR=9.64e-05 | 18.6s
  Ep 19/20 | Train=0.9463 | Val=0.9736 | Acc=94.37% | LR=4.42e-05 | 18.6s
  Ep 20/20 | Train=0.9432 | Val=0.9730 | Acc=94.37% | LR=1.19e-05 | 18.6s
  ✅ Best Val Acc: 94.37%

────────────────────────────────────────────────────────────────────────
Layers=5 | Aug=True | Opt=AdamW | LR=0.001 | WD=0.0001 | Drop=0.4 | Size=128
────────────────────────────────────────────────────────────────────────
  Ep  1/20 | Train=3.0546 | Val=2.0855 | Acc=70.59% | LR=1.00e-04 | 21.6s
  Ep  2/20 | Train=1.5538 | Val=1.2407 | Acc=89.53% | LR=2.80e-04 | 19.7s
  Ep  3/20 | Train=1.2471 | Val=1.1856 | Acc=90.65% | LR=4.60e-04 | 19.8s
  Ep  4/20 | Train=1.1686 | Val=1.0868 | Acc=92.12% | LR=6.40e-04 | 19.7s
  Ep  5/20 | Train=1.1179 | Val=1.0574 | Acc=92.22% | LR=8.20e-04 | 19.7s
  Ep  6/20 | Train=1.0898 | Val=1.0624 | Acc=92.11% | LR=1.00e-03 | 19.7s
  Ep  7/20 | Train=1.0575 | Val=1.1403 | Acc=90.34% | LR=9.89e-04 | 19.8s
  Ep  8/20 | Train=1.0308 | Val=1.0076 | Acc=93.25% | LR=9.57e-04 | 19.7s
  Ep  9/20 | Train=1.0095 | Val=1.0264 | Acc=92.64% | LR=9.05e-04 | 19.7s
  Ep 10/20 | Train=0.9924 | Val=0.9853 | Acc=93.82% | LR=8.35e-04 | 19.8s
  Ep 11/20 | Train=0.9741 | Val=1.2428 | Acc=86.64% | LR=7.50e-04 | 19.7s
  Ep 12/20 | Train=0.9586 | Val=0.9843 | Acc=93.76% | LR=6.55e-04 | 19.7s
  Ep 13/20 | Train=0.9440 | Val=1.5318 | Acc=77.71% | LR=5.53e-04 | 19.7s
  Ep 14/20 | Train=0.9300 | Val=0.9618 | Acc=94.35% | LR=4.48e-04 | 19.7s
  Ep 15/20 | Train=0.9184 | Val=0.9470 | Acc=94.78% | LR=3.46e-04 | 19.6s
  Ep 16/20 | Train=0.9058 | Val=0.9434 | Acc=94.77% | LR=2.51e-04 | 19.7s
  Ep 17/20 | Train=0.8961 | Val=0.9471 | Acc=94.77% | LR=1.66e-04 | 19.7s
  Ep 18/20 | Train=0.8872 | Val=0.9386 | Acc=94.84% | LR=9.64e-05 | 19.7s
  Ep 19/20 | Train=0.8809 | Val=0.9387 | Acc=94.82% | LR=4.42e-05 | 19.7s
  Ep 20/20 | Train=0.8778 | Val=0.9378 | Acc=94.90% | LR=1.19e-05 | 19.7s
  ✅ Best Val Acc: 94.90%
  📊 Saved → ablation_Phase_1_—_Model_Depth.png
  → Best: 5 layers  (94.90%)

════════════════════════════════════════════════════════════
  PHASE 2 — AUGMENTATION
════════════════════════════════════════════════════════════
  ⏭  Cached L5_aTrue_oAdamW_lr0.001_wd0.0001_d0.4_s128  →  94.90%

────────────────────────────────────────────────────────────────────────
Layers=5 | Aug=False | Opt=AdamW | LR=0.001 | WD=0.0001 | Drop=0.4 | Size=128
────────────────────────────────────────────────────────────────────────
  Ep  1/20 | Train=2.8067 | Val=1.9045 | Acc=78.49% | LR=1.00e-04 | 19.7s
  Ep  2/20 | Train=1.3482 | Val=1.2072 | Acc=90.72% | LR=2.80e-04 | 19.6s
  Ep  3/20 | Train=1.1215 | Val=1.1185 | Acc=91.83% | LR=4.60e-04 | 19.5s
  Ep  4/20 | Train=1.0579 | Val=1.0676 | Acc=92.73% | LR=6.40e-04 | 19.6s
